// Jest Snapshot v1, https://goo.gl/fbAQLP

exports[`<Main>React avançado</Main> should render a header 1`] = `
.c0 {
  height: 100%;
  padding: 3rem;
  background-color: #06092b;
  display: -webkit-box;
  display: -webkit-flex;
  display: -ms-flexbox;
  display: flex;
  -webkit-flex-direction: column;
  -ms-flex-direction: column;
  flex-direction: column;
  -webkit-box-pack: center;
  -webkit-justify-content: center;
  -ms-flex-pack: center;
  justify-content: center;
  -webkit-align-items: center;
  -webkit-box-align: center;
  -ms-flex-align: center;
  align-items: center;
  text-align: center;
  color: #fff;
}

.c1 {
  width: 25rem;
  margin-bottom: 2rem;
}

.c2 {
  font-size: 2.5rem;
  font-weight: bold;
}

.c3 {
  font-size: 2rem;
  margin-bottom: 3rem;
  font-weight: 400;
}

.c4 {
  width: min(30rem,100%);
}

<div
  class="c0"
>
  <img
    alt="Imagem de um átomo e ao lado React Avançado"
    class="c1"
    src="/img/logo.svg"
  />
  <h1
    class="c2"
  >
    React Avançado
  </h1>
  <h2
    class="c3"
  >
    TypeScript, ReactJS, NextJS e Styled Components
  </h2>
  <img
    alt="Pessoa em frente ao computador programando"
    class="c4"
    src="/img/hero-illustration.svg"
  />
</div>
`
